../Core/Src/hcsr04_sensor.c:37:6:HC_SR04_Delay_Init	16	static
../Core/Src/hcsr04_sensor.c:47:6:delay_us	16	static
../Core/Src/hcsr04_sensor.c:59:7:HC_SR04_Median_Filter	40	static
../Core/Src/hcsr04_sensor.c:86:6:HC_SR04_Update_Filter	16	static
../Core/Src/hcsr04_sensor.c:106:13:Sensors_Pin_Init	16	static
../Core/Src/hcsr04_sensor.c:183:6:HC_SR04_Init	8	static
../Core/Src/hcsr04_sensor.c:204:6:HC_SR04_Trigger_All	24	static
../Core/Src/hcsr04_sensor.c:237:7:HC_SR04_Calculate_Distance	24	static
../Core/Src/hcsr04_sensor.c:260:6:HC_SR04_Print_Data	336	static
../Core/Src/hcsr04_sensor.c:284:6:HC_SR04_Capture_Callback	24	static
