../Core/Src/main.c:191:5:_write	24	static
../Core/Src/main.c:201:5:main	152	static
../Core/Src/main.c:1296:6:SystemClock_Config	88	static
../Core/Src/main.c:1379:13:MX_TIM1_Init	48	static
../Core/Src/main.c:1447:13:MX_TIM2_Init	64	static
../Core/Src/main.c:1507:13:MX_TIM3_Init	48	static
../Core/Src/main.c:1557:13:MX_TIM5_Init	32	static
../Core/Src/main.c:1602:13:MX_TIM8_Init	48	static
../Core/Src/main.c:1670:13:MX_TIM9_Init	40	static
../Core/Src/main.c:1716:13:MX_TIM12_Init	40	static
../Core/Src/main.c:1762:13:MX_USART1_UART_Init	8	static
../Core/Src/main.c:1792:13:MX_USART3_UART_Init	8	static
../Core/Src/main.c:1825:13:MX_GPIO_Init	56	static
../Core/Src/main.c:1876:6:HAL_TIM_IC_CaptureCallback	16	static
../Core/Src/main.c:1886:6:Error_Handler	4	static,ignoring_inline_asm
