../Core/Src/main.c:137:5:_write	24	static
../Core/Src/main.c:147:5:main	112	static
../Core/Src/main.c:537:6:SystemClock_Config	88	static
../Core/Src/main.c:584:13:MX_TIM1_Init	48	static
../Core/Src/main.c:652:13:MX_TIM2_Init	64	static
../Core/Src/main.c:712:13:MX_TIM3_Init	48	static
../Core/Src/main.c:762:13:MX_TIM5_Init	32	static
../Core/Src/main.c:807:13:MX_TIM8_Init	48	static
../Core/Src/main.c:875:13:MX_TIM9_Init	40	static
../Core/Src/main.c:921:13:MX_TIM12_Init	40	static
../Core/Src/main.c:967:13:MX_USART1_UART_Init	8	static
../Core/Src/main.c:997:13:MX_GPIO_Init	56	static
../Core/Src/main.c:1048:6:HAL_TIM_IC_CaptureCallback	16	static
../Core/Src/main.c:1058:6:Error_Handler	4	static,ignoring_inline_asm
