../Core/Src/motor_control.c:35:6:Motor_Init	8	static
../Core/Src/motor_control.c:86:6:Motor_Stop_All	16	static
../Core/Src/motor_control.c:102:17:speed_to_duty	24	static
../Core/Src/motor_control.c:120:17:speed_to_duty_motor	24	static
../Core/Src/motor_control.c:141:6:Motor_SetSpeed	32	static
../Core/Src/motor_control.c:196:6:Motor_SetDuty_Raw	16	static
../Core/Src/motor_control.c:228:6:Motor_Forward	24	static
../Core/Src/motor_control.c:241:6:Motor_Reverse	24	static
../Core/Src/motor_control.c:256:6:Motor_Turn_Left	16	static
../Core/Src/motor_control.c:273:6:Motor_Turn_Right	16	static
../Core/Src/motor_control.c:291:6:Motor_Rotate_Left	16	static
../Core/Src/motor_control.c:308:6:Motor_Rotate_Right	16	static
../Core/Src/motor_control.c:325:9:Motor_GetSpeed	24	static
../Core/Src/motor_control.c:348:6:Motor_Test_TIM9_PWM	24	static
../Core/Src/motor_control.c:357:6:motor_slide_left	16	static
../Core/Src/motor_control.c:374:6:motor_slide_right	16	static
