../Core/Src/motor_control.c:35:6:Motor_Init	8	static
../Core/Src/motor_control.c:86:6:Motor_Stop_All	16	static
../Core/Src/motor_control.c:102:17:speed_to_duty	24	static
../Core/Src/motor_control.c:120:17:speed_to_duty_motor	24	static
../Core/Src/motor_control.c:141:6:Motor_SetSpeed	24	static
../Core/Src/motor_control.c:191:6:Motor_SetDuty_Raw	16	static
../Core/Src/motor_control.c:223:6:Motor_Forward	24	static
../Core/Src/motor_control.c:236:6:Motor_Reverse	24	static
../Core/Src/motor_control.c:251:6:Motor_Turn_Left	16	static
../Core/Src/motor_control.c:268:6:Motor_Turn_Right	16	static
../Core/Src/motor_control.c:286:6:Motor_Rotate_Left	16	static
../Core/Src/motor_control.c:303:6:Motor_Rotate_Right	16	static
../Core/Src/motor_control.c:320:9:Motor_GetSpeed	24	static
../Core/Src/motor_control.c:343:6:Motor_Test_TIM9_PWM	24	static
../Core/Src/motor_control.c:352:6:motor_slide_left	16	static
../Core/Src/motor_control.c:369:6:motor_slide_right	16	static
